// Jest Snapshot v1, https://goo.gl/fbAQLP

exports[`Modal renders modal correctly 1`] = `
Array [
  <div
    className="ReactModal__Overlay ReactModal__Overlay--after-open"
    onClick={[Function]}
    onMouseDown={[Function]}
    style={
      Object {
        "backgroundColor": "rgba(255, 255, 255, 0.75)",
        "bottom": 0,
        "left": 0,
        "position": "fixed",
        "right": 0,
        "top": 0,
        "zIndex": "3",
      }
    }
  >
    <div
      className="ReactModal__Content ReactModal__Content--after-open"
      onClick={[Function]}
      onKeyDown={[Function]}
      onMouseDown={[Function]}
      onMouseUp={[Function]}
      role="dialog"
      style={
        Object {
          "WebkitOverflowScrolling": "touch",
          "background": "#fff",
          "border": "0.5rem solid purple",
          "borderRadius": "1rem",
          "bottom": "40px",
          "left": "20%",
          "outline": "none",
          "overflow": "auto",
          "padding": "0",
          "position": "absolute",
          "right": "40px",
          "top": "20%",
          "transform": "translate(-10%, -10%)",
        }
      }
      tabIndex="-1"
    >
      <div
        className="sc-AxjAm kTZZVu"
      >
        <div
          className="sc-AxirZ gEPBfn"
        >
          <h2
            className="sc-AxiKw dzfbKE"
            data-testid="modal-heading"
          >
            Subject 1 Number 1
          </h2>
          <div
            className="sc-AxhCb cuxVDm"
          >
            <button
              className="sc-AxhUy dLvAZF btn btn-outline-secondary"
              data-testid="modal-exit-button"
              onClick={[Function]}
            >
              Exit
            </button>
          </div>
        </div>
        <div
          className="sc-AxgMl ffSQHK"
        >
          <div
            className="sc-AxheI hfJfbu"
          >
            <p
              className="sc-Axmtr kfspoM"
            >
              Title
            </p>
            <p
              className="sc-AxmLO epqanH"
            >
              Title 1
            </p>
          </div>
          <div
            className="sc-AxheI hfJfbu"
          >
            <p
              className="sc-Axmtr kfspoM"
            >
              Teacher
            </p>
            <p
              className="sc-AxmLO epqanH"
            >
              Name 1
            </p>
          </div>
          <div
            className="sc-AxheI hfJfbu"
          >
            <p
              className="sc-Axmtr kfspoM"
            >
              Time Slot
            </p>
            <p
              className="sc-AxmLO epqanH"
            >
              1:00am - 2:00am
            </p>
          </div>
          <div
            className="sc-AxheI hfJfbu"
          >
            <p
              className="sc-Axmtr kfspoM"
            >
              Location
            </p>
            <p
              className="sc-AxmLO epqanH"
            >
              Building 1
            </p>
          </div>
          <div
            className="sc-AxheI hfJfbu"
          >
            <p
              className="sc-Axmtr kfspoM"
            >
              Mode
            </p>
            <p
              className="sc-AxmLO epqanH"
            >
              Mode 1
            </p>
          </div>
          <div
            className="sc-AxheI hfJfbu"
          >
            <p
              className="sc-Axmtr kfspoM"
            >
              Nm 1
            </p>
            <p
              className="sc-AxmLO epqanH"
            >
              Desc 1
            </p>
          </div>
        </div>
      </div>
    </div>
  </div>,
  <div
    className="react-toast-notifications__container css-mrh2d-ToastContainer"
  />,
]
`;
