// Jest Snapshot v1, https://goo.gl/fbAQLP

exports[`SearchBar renders correctly 1`] = `
<form
  className="mr-3"
  onSubmit={[Function]}
>
  <input
    aria-label="Search"
    autoFocus={true}
    className="sc-AxjAm gGRDat form-control"
    data-testid="search-bar"
    placeholder="Search Courses "
    type="search"
  />
</form>
`;
