// Jest Snapshot v1, https://goo.gl/fbAQLP

exports[`ScheduleCard renders schedule card correctly 1`] = `
<div
  className="sc-AxjAm dxmZrD"
  data-testid="schedule-card"
  onClick={[Function]}
  onMouseLeave={[Function]}
  onMouseOver={[Function]}
  style={
    Object {
      "borderColor": "#ffffff",
    }
  }
>
  <div
    className="sc-AxirZ iIjkJj"
  >
    <div
      className="sc-AxhCb lhmzSd"
    >
      <div
        className="sc-AxhUy CyUDP"
      >
        <p
          className="sc-AxgMl eGljPA"
        >
          <span
            className="sc-AxheI bhLjYx"
          >
            *undefined*
          </span>
          <span>
             
          </span>
          <span
            className="sc-AxheI bhLjYx"
          >
            Subject
          </span>
          <span>
             
          </span>
          <span
            className="sc-AxheI bhLjYx"
          >
            Number
          </span>
          <span>
             
          </span>
        </p>
        <p
          className="sc-Axmtr hakgjI"
        >
          <i>
            Title
          </i>
        </p>
        <p
          className="sc-Axmtr hakgjI"
        >
          <u>
            Name
          </u>
        </p>
      </div>
    </div>
  </div>
</div>
`;
